// Jest Snapshot v1, https://goo.gl/fbAQLP

exports[`PageNotFound should render successfully 1`] = `
<body>
  <div>
    <section
      class="bg-base-100 mx-auto flex min-h-screen max-w-7xl flex-col items-center justify-center gap-16 p-8 lg:gap-20 lg:py-20"
    >
      <h1
        class="text-4xl font-extrabold tracking-tight md:-mb-4 lg:text-6xl dark:text-white"
      >
        <span
          class="underline decoration-lime-500 decoration-8"
        >
          404
        </span>
      </h1>
      <p
        class="text-center text-lg leading-relaxed opacity-80 dark:text-white"
      >
        Whatever you were looking for, you won't find it here.
        <br
          class="hidden sm:block"
        />
         Even we can't find this page, and we built the site! But you can always find your way from our
         
        <a
          class="underline underline-offset-2 hover:underline-offset-4"
          href="/"
          title="Tiny helpers and software tools that make daily work easier"
        >
          homepage
        </a>
        .
      </p>
    </section>
  </div>
</body>
`;
