// Jest Snapshot v1, https://goo.gl/fbAQLP

exports[`CodingBoothComPageHome matches the snapshot 1`] = `
<div>
  <section
    class="lg:py-20"
  >
    <div
      class="container mx-auto"
    >
      <div
        class="flex flex-col items-center justify-center gap-16 p-8 lg:flex-row lg:items-start lg:gap-20"
      >
        <div
          class="flex flex-col items-center justify-center gap-10 text-center lg:items-start lg:gap-14 lg:text-left"
        >
          <h1
            class="text-4xl font-extrabold tracking-tight md:-mb-4 lg:text-6xl dark:text-white"
          >
            Guaranteed
             
            <strong
              class="underline decoration-lime-500 decoration-8"
            >
              error-free
            </strong>
             
            UTM tracking for precise insights with ease!
          </h1>
          <p
            class="text-left text-lg leading-relaxed opacity-80 md:text-center lg:text-left dark:text-white"
          >
            Say goodbye to tracking errors and hello to
             
            <strong
              class="underline decoration-lime-500 decoration-4"
            >
              precise insights
            </strong>
             
            effortlessly! 
            <br
              class="hidden sm:block lg:hidden"
            />
             
            <br
              class="hidden xl:block"
            />
            Our
             
            <strong
              class="text-xl font-bold tracking-tight md:-mb-4"
            >
              Campaign UTM Parameter URL Builder
            </strong>
            ,
             
            <strong
              class="underline decoration-lime-500 decoration-4"
            >
              simplifies
            </strong>
             
            your URL creation process. No more worrying about typos or missing parameters. 
            <br
              class="hidden sm:block lg:hidden"
            />
             
            <br
              class="hidden xl:block"
            />
            Easily generate
             
            <strong
              class="underline decoration-lime-500 decoration-4"
            >
              all necessary and optional
            </strong>
             
            parameters
             
            <strong
              class="underline decoration-lime-500 decoration-4"
            >
              with confidence
            </strong>
            .
          </p>
        </div>
        <div
          class="lg:w-full lg:min-w-96"
        >
          <div>
            <h1>
              Welcome to UtmParameterUrlBuilder!
            </h1>
          </div>
        </div>
      </div>
    </div>
    <div
      class="w-full bg-gray-800 p-8"
    >
      <div
        class="container mx-auto"
      >
        <div
          class="py-8"
        >
          <div
            class="pb-4"
          >
            <h2
              class="text-2xl font-extrabold tracking-tight lg:text-2xl dark:text-white"
            >
              Share the generated campaign URL
            </h2>
          </div>
        </div>
      </div>
    </div>
  </section>
</div>
`;
